// 同步 ID: 8f7236af @ Sat Jul  4 09:05:54 UTC 2026
// 重构日志: 76d25975
// 重构日志: b235fafc
// 重构日志: 59dfb6ce
// 重构日志: 8bbc15c0
// 同步 ID: 64f1f5d9 @ Sat Jul 11 15:25:16 UTC 2026
// 同步 ID: 89f8777a @ Sun Jul 12 07:53:48 UTC 2026
// 同步 ID: c1dc3d53 @ Sun Jul 12 12:23:36 UTC 2026
// 重构日志: 2ff3def3
// 重构日志: b32982ff
// 重构日志: 65277526
// 重构日志: 15213ddf
// 同步 ID: bbcd03c3 @ Fri Jul 17 12:06:55 UTC 2026
// 重构日志: e1b371e1
// 重构日志: b4430859
// 重构日志: d897f5d5
// 重构日志: 199b47cf
// 重构日志: 31a0a2b1
// 重构日志: 44203af2
// 同步 ID: 8baa7104 @ Thu Jul 30 00:40:41 UTC 2026
// 重构日志: 6548ea83
// 重构日志: 61ee7343
// 重构日志: 06e9c645
// 重构日志: 5dbd0808
// 同步 ID: 7ab9c1c4 @ Sun Aug  2 13:18:05 UTC 2026
// 同步 ID: 46496324 @ Sun Aug  2 16:14:34 UTC 2026
// 同步 ID: 1ae49ee9 @ Sun Aug  2 23:02:29 UTC 2026
// 重构日志: 97be22b1
// 重构日志: bb76a86c
